// Jest Snapshot v1, https://goo.gl/fbAQLP

exports[`renders correctly 1`] = `
<BrowserRouter>
  <Switch>
    <Route
      path="/"
    >
      <MainLayout>
        <Route
          exact={true}
          path="/"
        >
          <PageProducts />
        </Route>
        <Route
          exact={true}
          path={
            Array [
              "/admin/product-form/:id",
              "/admin/product-form",
            ]
          }
        >
          <PageProductForm />
        </Route>
        <Route
          exact={true}
          path="/cart"
        >
          <PageCart />
        </Route>
        <Route
          exact={true}
          path="/admin/orders"
        >
          <PageOrders />
        </Route>
        <Route
          exact={true}
          path="/admin/order/:id"
        >
          <PageOrder />
        </Route>
        <Route
          exact={true}
          path="/admin/products"
        >
          <PageProductImport />
        </Route>
      </MainLayout>
    </Route>
  </Switch>
</BrowserRouter>
`;
